
Memory Configuration

Name             Origin             Length             Attributes
*default*        0x0000000000000000 0xffffffffffffffff

Linker script and memory map

                0x0000000000000000                . = 0x0

.text           0x0000000000000000       0x60
 *(vector_start)
 *(.text .rodata)
 .text          0x0000000000000000       0x30 build/entry.o
                0x0000000000000000                main
 .text          0x0000000000000030       0x30 build/main.o

.glue_7         0x0000000000000060        0x0
 .glue_7        0x0000000000000060        0x0 linker stubs

.glue_7t        0x0000000000000060        0x0
 .glue_7t       0x0000000000000060        0x0 linker stubs

.vfp11_veneer   0x0000000000000060        0x0
 .vfp11_veneer  0x0000000000000060        0x0 linker stubs

.v4_bx          0x0000000000000060        0x0
 .v4_bx         0x0000000000000060        0x0 linker stubs

.iplt           0x0000000000000060        0x0
 .iplt          0x0000000000000060        0x0 build/entry.o

.rel.dyn        0x0000000000000060        0x0
 .rel.iplt      0x0000000000000060        0x0 build/entry.o

.data           0x0000000000000060        0x0
 *(.data)
 .data          0x0000000000000060        0x0 build/entry.o
 .data          0x0000000000000060        0x0 build/main.o

.igot.plt       0x0000000000000060        0x0
 .igot.plt      0x0000000000000060        0x0 build/entry.o

.bss            0x0000000000000060        0x0
 *(.bss)
 .bss           0x0000000000000060        0x0 build/entry.o
 .bss           0x0000000000000060        0x0 build/main.o
LOAD build/entry.o
LOAD build/main.o
OUTPUT(build/navilos.axf elf32-littlearm)
LOAD linker stubs

.debug_info     0x0000000000000000      0x148
 .debug_info    0x0000000000000000       0xa4 build/entry.o
 .debug_info    0x00000000000000a4       0xa4 build/main.o

.debug_abbrev   0x0000000000000000       0xde
 .debug_abbrev  0x0000000000000000       0x6f build/entry.o
 .debug_abbrev  0x000000000000006f       0x6f build/main.o

.debug_aranges  0x0000000000000000       0x40
 .debug_aranges
                0x0000000000000000       0x20 build/entry.o
 .debug_aranges
                0x0000000000000020       0x20 build/main.o

.debug_line     0x0000000000000000       0xf2
 .debug_line    0x0000000000000000       0x79 build/entry.o
 .debug_line    0x0000000000000079       0x79 build/main.o

.debug_str      0x0000000000000000      0x109
 .debug_str     0x0000000000000000      0x109 build/entry.o
                                        0x13d (size before relaxing)
 .debug_str     0x0000000000000109      0x13d build/main.o

.comment        0x0000000000000000       0x59
 .comment       0x0000000000000000       0x59 build/entry.o
                                         0x5a (size before relaxing)
 .comment       0x0000000000000059       0x5a build/main.o

.ARM.attributes
                0x0000000000000000       0x2f
 .ARM.attributes
                0x0000000000000000       0x2f build/entry.o
 .ARM.attributes
                0x000000000000002f       0x2f build/main.o

.debug_frame    0x0000000000000000       0x60
 .debug_frame   0x0000000000000000       0x30 build/entry.o
 .debug_frame   0x0000000000000030       0x30 build/main.o
